// Jest Snapshot v1, https://goo.gl/fbAQLP

exports[`CreateEvent component renders 1`] = `
<h1>
  CreateEvent Component
</h1>
`;
