// Jest Snapshot v1, https://goo.gl/fbAQLP

exports[`ViewEvents component renders 1`] = `
<h1>
  ViewEvents Component
</h1>
`;
