// Jest Snapshot v1, https://goo.gl/fbAQLP

exports[`Register component renders 1`] = `
<h1>
  Register Component
</h1>
`;
