// Jest Snapshot v1, https://goo.gl/fbAQLP

exports[`Dashboard component renders 1`] = `
<h1>
  Dashboard Component
</h1>
`;
